EDA Netlist Writer report for SYS_REST
Tue May 16 17:12:26 2017
Quartus II 64-Bit Version 13.0.0 Build 156 04/24/2013 SJ Full Version


---------------------
; Table of Contents ;
---------------------
  1. Legal Notice
  2. EDA Netlist Writer Summary
  3. EDA Netlist Writer Messages



----------------
; Legal Notice ;
----------------
Copyright (C) 1991-2013 Altera Corporation
Your use of Altera Corporation's design tools, logic functions 
and other software and tools, and its AMPP partner logic 
functions, and any output files from any of the foregoing 
(including device programming or simulation files), and any 
associated documentation or information are expressly subject 
to the terms and conditions of the Altera Program License 
Subscription Agreement, Altera MegaCore Function License 
Agreement, or other applicable license agreement, including, 
without limitation, that your use is for the sole purpose of 
programming logic devices manufactured by Altera and sold by 
Altera or its authorized distributors.  Please refer to the 
applicable agreement for further details.



+-------------------------------------------------------------------+
; EDA Netlist Writer Summary                                        ;
+---------------------------+---------------------------------------+
; EDA Netlist Writer Status ; Successful - Tue May 16 17:12:26 2017 ;
; Revision Name             ; SYS_REST                              ;
; Top-level Entity Name     ; SYS_REST                              ;
; Family                    ; MAX V                                 ;
+---------------------------+---------------------------------------+


+-----------------------------+
; EDA Netlist Writer Messages ;
+-----------------------------+
Info: *******************************************************************
Info: Running Quartus II 64-Bit EDA Netlist Writer
    Info: Version 13.0.0 Build 156 04/24/2013 SJ Full Version
    Info: Processing started: Tue May 16 17:12:21 2017
Info: Command: quartus_eda --read_settings_files=on --write_settings_files=off SYS_REST -c SYS_REST --gen_testbench
Info (201000): Generated Verilog Test Bench File I:/SYS_REST/simulation/modelsim/SYS_REST.vt for simulation
Info: Quartus II 64-Bit EDA Netlist Writer was successful. 0 errors, 0 warnings
    Info: Peak virtual memory: 366 megabytes
    Info: Processing ended: Tue May 16 17:12:32 2017
    Info: Elapsed time: 00:00:11
    Info: Total CPU time (on all processors): 00:00:01


